Training device: cuda
Rollout inference: cuda (central async batched broker)
Rollout processes: 18
Battle lanes per process: 6
Max rollout battles in flight: 100
PyTorch threads per rollout process: 3
GPU inference max batch: 24
GPU inference batch wait: 0.000 ms
Model parameters: 429,011

Initial evaluation
------------------
wins=24 losses=25 ties=1 win_rate=48.0%
evaluation_time=6.89s battles/s=7.26
gpu_inference requests=2313 batches=452 mean_batch=5.12 max_batch=24 batch_wait=0.043s gather=0.072s gpu_roundtrip=2.050s dispatch=0.169s
rollout_profile lanes=100 decisions=4571 setup=214.53ms/lane battle=2756.58ms/battle
decision_profile feature=3.058ms tensorize=4.437ms action=0.625ms shared_write=0.116ms queue_put=0.019ms inference_wait=30.865ms other_battle=21.186ms

Sat Sep 19 10:32:00 2026
iteration=1 battles=100 decisions=4571
train wins=7 losses=93 ties=0
rollout_time=6.06s battles/s=16.50 decisions/s=754.3
ppo_time=2.17s
gpu_inference requests=4571 batches=654 mean_batch=6.99 max_batch=24 batch_wait=0.086s gather=0.123s gpu_roundtrip=3.049s dispatch=0.392s
policy=-0.0038 value=0.0160 entropy=1.7201 kl=0.00260 clip=0.008
mean_value=+0.013 mean_return=+0.324
rollout_profile lanes=100 decisions=4696 setup=222.09ms/lane battle=2392.11ms/battle
decision_profile feature=2.800ms tensorize=3.880ms action=0.536ms shared_write=0.102ms queue_put=0.018ms inference_wait=23.220ms other_battle=20.382ms

Sat Sep 19 10:32:09 2026
iteration=2 battles=100 decisions=4696
train wins=10 losses=90 ties=0
rollout_time=7.41s battles/s=13.49 decisions/s=633.6
ppo_time=1.38s
gpu_inference requests=4696 batches=732 mean_batch=6.42 max_batch=24 batch_wait=0.082s gather=0.124s gpu_roundtrip=3.076s dispatch=0.356s
policy=-0.0074 value=0.0108 entropy=1.6491 kl=0.00717 clip=0.071
mean_value=+0.322 mean_return=+0.351
rollout_profile lanes=100 decisions=4600 setup=416.18ms/lane battle=3737.13ms/battle
decision_profile feature=2.065ms tensorize=3.003ms action=0.443ms shared_write=0.081ms queue_put=0.015ms inference_wait=16.967ms other_battle=58.667ms

Sat Sep 19 10:32:18 2026
iteration=3 battles=100 decisions=4600
train wins=15 losses=85 ties=0
rollout_time=8.03s battles/s=12.45 decisions/s=572.7
ppo_time=1.32s
gpu_inference requests=4600 batches=684 mean_batch=6.73 max_batch=24 batch_wait=0.063s gather=0.092s gpu_roundtrip=2.553s dispatch=0.267s
policy=-0.0096 value=0.0099 entropy=1.6196 kl=0.00639 clip=0.059
mean_value=+0.380 mean_return=+0.379
rollout_profile lanes=100 decisions=4706 setup=230.38ms/lane battle=2605.72ms/battle
decision_profile feature=2.879ms tensorize=4.012ms action=0.562ms shared_write=0.104ms queue_put=0.018ms inference_wait=27.061ms other_battle=20.735ms

Sat Sep 19 10:32:26 2026
iteration=4 battles=100 decisions=4706
train wins=24 losses=75 ties=1
rollout_time=5.96s battles/s=16.78 decisions/s=789.7
ppo_time=1.38s
gpu_inference requests=4706 batches=660 mean_batch=7.13 max_batch=24 batch_wait=0.082s gather=0.115s gpu_roundtrip=2.921s dispatch=0.351s
policy=-0.0084 value=0.0096 entropy=1.6600 kl=0.00485 clip=0.043
mean_value=+0.412 mean_return=+0.413
rollout_profile lanes=100 decisions=4686 setup=243.70ms/lane battle=2444.84ms/battle
decision_profile feature=2.916ms tensorize=4.009ms action=0.555ms shared_write=0.103ms queue_put=0.018ms inference_wait=24.282ms other_battle=20.289ms

Sat Sep 19 10:32:33 2026
iteration=5 battles=100 decisions=4686
train wins=28 losses=69 ties=3
rollout_time=5.93s battles/s=16.86 decisions/s=789.9
ppo_time=1.36s
gpu_inference requests=4686 batches=671 mean_batch=6.98 max_batch=24 batch_wait=0.078s gather=0.119s gpu_roundtrip=3.005s dispatch=0.354s
policy=-0.0111 value=0.0124 entropy=1.6293 kl=0.00537 clip=0.058
mean_value=+0.445 mean_return=+0.423
rollout_profile lanes=100 decisions=4841 setup=248.22ms/lane battle=2683.90ms/battle
decision_profile feature=3.045ms tensorize=4.154ms action=0.562ms shared_write=0.106ms queue_put=0.018ms inference_wait=26.574ms other_battle=20.982ms

Sat Sep 19 10:32:40 2026
iteration=6 battles=100 decisions=4841
train wins=28 losses=71 ties=1
rollout_time=6.17s battles/s=16.21 decisions/s=784.8
ppo_time=1.40s
gpu_inference requests=4841 batches=680 mean_batch=7.12 max_batch=24 batch_wait=0.083s gather=0.123s gpu_roundtrip=3.099s dispatch=0.368s
policy=-0.0096 value=0.0132 entropy=1.6172 kl=0.00636 clip=0.074
mean_value=+0.444 mean_return=+0.434
rollout_profile lanes=100 decisions=4705 setup=264.95ms/lane battle=2653.14ms/battle
decision_profile feature=2.956ms tensorize=4.059ms action=0.556ms shared_write=0.103ms queue_put=0.018ms inference_wait=24.881ms other_battle=23.817ms

Sat Sep 19 10:32:48 2026
iteration=7 battles=100 decisions=4705
train wins=28 losses=72 ties=0
rollout_time=6.69s battles/s=14.95 decisions/s=703.3
ppo_time=1.38s
gpu_inference requests=4705 batches=726 mean_batch=6.48 max_batch=24 batch_wait=0.084s gather=0.121s gpu_roundtrip=3.119s dispatch=0.374s
policy=-0.0116 value=0.0104 entropy=1.5807 kl=0.00539 clip=0.054
mean_value=+0.445 mean_return=+0.427
rollout_profile lanes=100 decisions=4427 setup=242.60ms/lane battle=2278.84ms/battle
decision_profile feature=2.748ms tensorize=3.918ms action=0.548ms shared_write=0.102ms queue_put=0.018ms inference_wait=23.125ms other_battle=21.017ms

Sat Sep 19 10:32:55 2026
iteration=8 battles=100 decisions=4427
train wins=36 losses=62 ties=2
rollout_time=5.37s battles/s=18.62 decisions/s=824.4
ppo_time=1.30s
gpu_inference requests=4427 batches=606 mean_batch=7.31 max_batch=24 batch_wait=0.074s gather=0.106s gpu_roundtrip=2.688s dispatch=0.342s
policy=-0.0179 value=0.0137 entropy=1.6191 kl=0.00802 clip=0.107
mean_value=+0.393 mean_return=+0.445
rollout_profile lanes=100 decisions=4453 setup=353.19ms/lane battle=3430.87ms/battle
decision_profile feature=2.500ms tensorize=3.428ms action=0.496ms shared_write=0.090ms queue_put=0.016ms inference_wait=18.186ms other_battle=52.330ms

Sat Sep 19 10:33:03 2026
iteration=9 battles=100 decisions=4453
train wins=42 losses=58 ties=0
rollout_time=7.00s battles/s=14.29 decisions/s=636.5
ppo_time=1.31s
gpu_inference requests=4453 batches=684 mean_batch=6.51 max_batch=24 batch_wait=0.071s gather=0.113s gpu_roundtrip=2.805s dispatch=0.288s
policy=-0.0208 value=0.0117 entropy=1.5461 kl=0.00684 clip=0.088
mean_value=+0.427 mean_return=+0.445
rollout_profile lanes=100 decisions=4643 setup=250.87ms/lane battle=2572.42ms/battle
decision_profile feature=3.005ms tensorize=4.097ms action=0.563ms shared_write=0.106ms queue_put=0.018ms inference_wait=27.404ms other_battle=20.211ms

Sat Sep 19 10:33:11 2026
iteration=10 battles=100 decisions=4643
train wins=34 losses=65 ties=1
rollout_time=5.99s battles/s=16.69 decisions/s=775.1
ppo_time=1.38s
gpu_inference requests=4643 batches=639 mean_batch=7.27 max_batch=24 batch_wait=0.077s gather=0.116s gpu_roundtrip=2.939s dispatch=0.370s
policy=-0.0220 value=0.0131 entropy=1.5406 kl=0.00845 clip=0.120
mean_value=+0.445 mean_return=+0.424
rollout_profile lanes=100 decisions=4422 setup=224.03ms/lane battle=2410.91ms/battle
decision_profile feature=2.887ms tensorize=4.087ms action=0.554ms shared_write=0.106ms queue_put=0.018ms inference_wait=25.424ms other_battle=21.444ms

Sat Sep 19 10:33:17 2026
iteration=11 battles=100 decisions=4422
train wins=35 losses=65 ties=0
rollout_time=5.26s battles/s=19.01 decisions/s=840.6
ppo_time=1.30s
gpu_inference requests=4422 batches=581 mean_batch=7.61 max_batch=24 batch_wait=0.078s gather=0.102s gpu_roundtrip=2.725s dispatch=0.339s
policy=-0.0206 value=0.0132 entropy=1.5256 kl=0.00755 clip=0.100
mean_value=+0.446 mean_return=+0.444
rollout_profile lanes=100 decisions=4206 setup=233.46ms/lane battle=2240.33ms/battle
decision_profile feature=2.826ms tensorize=4.035ms action=0.562ms shared_write=0.104ms queue_put=0.019ms inference_wait=25.234ms other_battle=20.486ms

Sat Sep 19 10:33:25 2026
iteration=12 battles=100 decisions=4206
train wins=42 losses=58 ties=0
rollout_time=6.18s battles/s=16.19 decisions/s=681.1
ppo_time=1.24s
gpu_inference requests=4206 batches=624 mean_batch=6.74 max_batch=24 batch_wait=0.073s gather=0.108s gpu_roundtrip=2.773s dispatch=0.348s
policy=-0.0213 value=0.0123 entropy=1.4805 kl=0.00769 clip=0.106
mean_value=+0.459 mean_return=+0.458
rollout_profile lanes=100 decisions=4462 setup=231.56ms/lane battle=2315.24ms/battle
decision_profile feature=2.814ms tensorize=3.898ms action=0.537ms shared_write=0.101ms queue_put=0.019ms inference_wait=23.978ms other_battle=20.541ms

Sat Sep 19 10:33:33 2026
iteration=13 battles=100 decisions=4462
train wins=45 losses=54 ties=1
rollout_time=6.77s battles/s=14.77 decisions/s=658.9
ppo_time=1.33s
gpu_inference requests=4462 batches=673 mean_batch=6.63 max_batch=24 batch_wait=0.079s gather=0.111s gpu_roundtrip=2.941s dispatch=0.353s
policy=-0.0227 value=0.0144 entropy=1.4473 kl=0.00877 clip=0.132
mean_value=+0.463 mean_return=+0.471
rollout_profile lanes=100 decisions=4274 setup=226.48ms/lane battle=2114.13ms/battle
decision_profile feature=2.599ms tensorize=3.723ms action=0.516ms shared_write=0.096ms queue_put=0.017ms inference_wait=23.010ms other_battle=19.504ms

Sat Sep 19 10:33:40 2026
iteration=14 battles=100 decisions=4274
train wins=43 losses=57 ties=0
rollout_time=5.73s battles/s=17.46 decisions/s=746.4
ppo_time=1.24s
gpu_inference requests=4274 batches=617 mean_batch=6.93 max_batch=24 batch_wait=0.068s gather=0.101s gpu_roundtrip=2.658s dispatch=0.292s
policy=-0.0241 value=0.0099 entropy=1.4147 kl=0.00841 clip=0.122
mean_value=+0.465 mean_return=+0.481
rollout_profile lanes=100 decisions=4185 setup=230.34ms/lane battle=2239.73ms/battle
decision_profile feature=2.811ms tensorize=4.034ms action=0.566ms shared_write=0.105ms queue_put=0.019ms inference_wait=27.097ms other_battle=18.887ms

Sat Sep 19 10:33:47 2026
iteration=15 battles=100 decisions=4185
train wins=49 losses=50 ties=1
rollout_time=5.69s battles/s=17.57 decisions/s=735.4
ppo_time=1.23s
gpu_inference requests=4185 batches=580 mean_batch=7.22 max_batch=24 batch_wait=0.070s gather=0.104s gpu_roundtrip=2.739s dispatch=0.323s
policy=-0.0236 value=0.0123 entropy=1.4486 kl=0.00751 clip=0.106
mean_value=+0.470 mean_return=+0.488
took 123.7590252450027
