Training device: cuda
Rollout inference: cuda (central async batched broker)
Rollout processes: 20
Battle lanes per process: 5
Max rollout battles in flight: 100
PyTorch threads per rollout process: 3
GPU inference max batch: 24
GPU inference batch wait: 0.000 ms
Model parameters: 429,011

Initial evaluation
------------------
wins=17 losses=32 ties=1 win_rate=34.0%
evaluation_time=6.96s battles/s=7.19
gpu_inference requests=2204 batches=433 mean_batch=5.09 max_batch=24 batch_wait=0.042s gather=0.068s gpu_roundtrip=2.033s dispatch=0.177s
rollout_profile lanes=100 decisions=4627 setup=278.40ms/lane battle=2757.18ms/battle
decision_profile feature=3.349ms tensorize=4.838ms action=0.670ms shared_write=0.125ms queue_put=0.021ms inference_wait=30.472ms other_battle=20.115ms

Sat Sep 19 10:38:18 2026
iteration=1 battles=100 decisions=4627
train wins=12 losses=88 ties=0
rollout_time=5.85s battles/s=17.10 decisions/s=791.4
ppo_time=2.33s
gpu_inference requests=4627 batches=603 mean_batch=7.67 max_batch=24 batch_wait=0.092s gather=0.117s gpu_roundtrip=2.990s dispatch=0.448s
policy=-0.0130 value=0.0194 entropy=1.6990 kl=0.00331 clip=0.020
mean_value=+0.013 mean_return=+0.332
rollout_profile lanes=100 decisions=4284 setup=276.92ms/lane battle=2193.59ms/battle
decision_profile feature=2.740ms tensorize=4.165ms action=0.582ms shared_write=0.111ms queue_put=0.021ms inference_wait=24.157ms other_battle=19.428ms

Sat Sep 19 10:38:24 2026
iteration=2 battles=100 decisions=4284
train wins=14 losses=86 ties=0
rollout_time=5.16s battles/s=19.38 decisions/s=830.2
ppo_time=1.23s
gpu_inference requests=4284 batches=533 mean_batch=8.04 max_batch=24 batch_wait=0.076s gather=0.093s gpu_roundtrip=2.422s dispatch=0.355s
policy=-0.0071 value=0.0116 entropy=1.6852 kl=0.00480 clip=0.042
mean_value=+0.324 mean_return=+0.354
rollout_profile lanes=100 decisions=4425 setup=260.11ms/lane battle=2498.42ms/battle
decision_profile feature=2.985ms tensorize=4.303ms action=0.600ms shared_write=0.112ms queue_put=0.023ms inference_wait=26.649ms other_battle=21.789ms

Sat Sep 19 10:38:32 2026
iteration=3 battles=100 decisions=4425
train wins=17 losses=83 ties=0
rollout_time=5.80s battles/s=17.25 decisions/s=763.5
ppo_time=1.30s
gpu_inference requests=4425 batches=557 mean_batch=7.94 max_batch=24 batch_wait=0.081s gather=0.103s gpu_roundtrip=2.613s dispatch=0.403s
policy=-0.0079 value=0.0112 entropy=1.6659 kl=0.00515 clip=0.045
mean_value=+0.344 mean_return=+0.379
rollout_profile lanes=100 decisions=4753 setup=263.05ms/lane battle=2569.70ms/battle
decision_profile feature=3.080ms tensorize=4.248ms action=0.594ms shared_write=0.111ms queue_put=0.020ms inference_wait=24.821ms other_battle=21.190ms

Sat Sep 19 10:38:39 2026
iteration=4 battles=100 decisions=4753
train wins=27 losses=73 ties=0
rollout_time=5.90s battles/s=16.96 decisions/s=806.1
ppo_time=1.40s
gpu_inference requests=4753 batches=567 mean_batch=8.38 max_batch=24 batch_wait=0.087s gather=0.114s gpu_roundtrip=2.845s dispatch=0.435s
policy=-0.0094 value=0.0105 entropy=1.6359 kl=0.00607 clip=0.055
mean_value=+0.401 mean_return=+0.418
rollout_profile lanes=100 decisions=4723 setup=294.26ms/lane battle=2572.99ms/battle
decision_profile feature=3.165ms tensorize=4.374ms action=0.605ms shared_write=0.112ms queue_put=0.019ms inference_wait=26.428ms other_battle=19.774ms

Sat Sep 19 10:38:46 2026
iteration=5 battles=100 decisions=4723
train wins=23 losses=77 ties=0
rollout_time=6.04s battles/s=16.57 decisions/s=782.5
ppo_time=1.39s
gpu_inference requests=4723 batches=646 mean_batch=7.31 max_batch=24 batch_wait=0.094s gather=0.123s gpu_roundtrip=2.947s dispatch=0.438s
policy=-0.0129 value=0.0104 entropy=1.6111 kl=0.00681 clip=0.073
mean_value=+0.450 mean_return=+0.401
rollout_profile lanes=100 decisions=4481 setup=276.23ms/lane battle=2331.89ms/battle
decision_profile feature=2.974ms tensorize=4.249ms action=0.581ms shared_write=0.109ms queue_put=0.021ms inference_wait=25.045ms other_battle=19.060ms

Sat Sep 19 10:38:54 2026
iteration=6 battles=100 decisions=4481
train wins=21 losses=79 ties=0
rollout_time=6.47s battles/s=15.47 decisions/s=693.1
ppo_time=1.32s
gpu_inference requests=4481 batches=710 mean_batch=6.31 max_batch=24 batch_wait=0.077s gather=0.117s gpu_roundtrip=2.946s dispatch=0.364s
policy=-0.0131 value=0.0097 entropy=1.5923 kl=0.00651 clip=0.081
mean_value=+0.384 mean_return=+0.403
rollout_profile lanes=100 decisions=4311 setup=295.04ms/lane battle=2331.16ms/battle
decision_profile feature=2.934ms tensorize=4.321ms action=0.592ms shared_write=0.109ms queue_put=0.020ms inference_wait=26.180ms other_battle=19.918ms

Sat Sep 19 10:39:00 2026
iteration=7 battles=100 decisions=4311
train wins=33 losses=66 ties=1
rollout_time=5.02s battles/s=19.91 decisions/s=858.4
ppo_time=1.25s
gpu_inference requests=4311 batches=482 mean_batch=8.94 max_batch=24 batch_wait=0.081s gather=0.100s gpu_roundtrip=2.375s dispatch=0.409s
policy=-0.0150 value=0.0111 entropy=1.6049 kl=0.00758 clip=0.107
mean_value=+0.438 mean_return=+0.439
rollout_profile lanes=100 decisions=4523 setup=283.91ms/lane battle=2510.29ms/battle
decision_profile feature=3.042ms tensorize=4.311ms action=0.609ms shared_write=0.112ms queue_put=0.019ms inference_wait=28.501ms other_battle=18.905ms

Sat Sep 19 10:39:08 2026
iteration=8 battles=100 decisions=4523
train wins=26 losses=73 ties=1
rollout_time=6.27s battles/s=15.95 decisions/s=721.3
ppo_time=1.32s
gpu_inference requests=4523 batches=624 mean_batch=7.25 max_batch=24 batch_wait=0.089s gather=0.115s gpu_roundtrip=2.871s dispatch=0.413s
policy=-0.0182 value=0.0104 entropy=1.5872 kl=0.00787 clip=0.108
mean_value=+0.443 mean_return=+0.420
rollout_profile lanes=100 decisions=4441 setup=281.53ms/lane battle=5287.73ms/battle
decision_profile feature=2.155ms tensorize=3.171ms action=0.453ms shared_write=0.086ms queue_put=0.017ms inference_wait=15.239ms other_battle=97.946ms

Sat Sep 19 10:39:17 2026
iteration=9 battles=100 decisions=4441
train wins=34 losses=65 ties=1
rollout_time=8.14s battles/s=12.28 decisions/s=545.5
ppo_time=1.30s
gpu_inference requests=4441 batches=628 mean_batch=7.07 max_batch=24 batch_wait=0.075s gather=0.096s gpu_roundtrip=2.364s dispatch=0.287s
policy=-0.0163 value=0.0132 entropy=1.5711 kl=0.00746 clip=0.101
mean_value=+0.416 mean_return=+0.429
rollout_profile lanes=100 decisions=4405 setup=283.28ms/lane battle=2411.76ms/battle
decision_profile feature=2.916ms tensorize=4.314ms action=0.604ms shared_write=0.111ms queue_put=0.019ms inference_wait=27.969ms other_battle=18.817ms

Sat Sep 19 10:39:24 2026
iteration=10 battles=100 decisions=4405
train wins=37 losses=62 ties=1
rollout_time=5.82s battles/s=17.19 decisions/s=757.4
ppo_time=1.29s
gpu_inference requests=4405 batches=565 mean_batch=7.80 max_batch=24 batch_wait=0.091s gather=0.110s gpu_roundtrip=2.682s dispatch=0.410s
policy=-0.0208 value=0.0130 entropy=1.5572 kl=0.00835 clip=0.118
mean_value=+0.457 mean_return=+0.442
rollout_profile lanes=100 decisions=4406 setup=280.58ms/lane battle=2359.83ms/battle
decision_profile feature=3.054ms tensorize=4.329ms action=0.588ms shared_write=0.112ms queue_put=0.021ms inference_wait=24.983ms other_battle=20.473ms

Sat Sep 19 10:39:32 2026
iteration=11 battles=100 decisions=4406
train wins=33 losses=66 ties=1
rollout_time=6.02s battles/s=16.60 decisions/s=731.3
ppo_time=1.31s
gpu_inference requests=4406 batches=559 mean_batch=7.88 max_batch=24 batch_wait=0.079s gather=0.107s gpu_roundtrip=2.665s dispatch=0.407s
policy=-0.0107 value=0.0109 entropy=1.5205 kl=0.00814 clip=0.117
mean_value=+0.429 mean_return=+0.456
rollout_profile lanes=100 decisions=4471 setup=272.23ms/lane battle=2315.32ms/battle
decision_profile feature=2.973ms tensorize=4.270ms action=0.585ms shared_write=0.109ms queue_put=0.020ms inference_wait=24.174ms other_battle=19.655ms

Sat Sep 19 10:39:39 2026
iteration=12 battles=100 decisions=4471
train wins=40 losses=60 ties=0
rollout_time=5.40s battles/s=18.52 decisions/s=828.2
ppo_time=1.33s
gpu_inference requests=4471 batches=554 mean_batch=8.07 max_batch=24 batch_wait=0.080s gather=0.108s gpu_roundtrip=2.647s dispatch=0.378s
policy=-0.0163 value=0.0123 entropy=1.5244 kl=0.00691 clip=0.093
mean_value=+0.479 mean_return=+0.459
rollout_profile lanes=100 decisions=4656 setup=457.43ms/lane battle=4122.58ms/battle
decision_profile feature=2.576ms tensorize=3.507ms action=0.504ms shared_write=0.092ms queue_put=0.017ms inference_wait=19.414ms other_battle=62.434ms

Sat Sep 19 10:39:48 2026
iteration=13 battles=100 decisions=4656
train wins=35 losses=65 ties=0
rollout_time=8.26s battles/s=12.11 decisions/s=563.9
ppo_time=1.39s
gpu_inference requests=4656 batches=744 mean_batch=6.26 max_batch=24 batch_wait=0.072s gather=0.117s gpu_roundtrip=2.909s dispatch=0.350s
policy=-0.0207 value=0.0105 entropy=1.5009 kl=0.00780 clip=0.107
mean_value=+0.460 mean_return=+0.450
rollout_profile lanes=100 decisions=4618 setup=295.66ms/lane battle=2500.50ms/battle
decision_profile feature=3.174ms tensorize=4.383ms action=0.607ms shared_write=0.111ms queue_put=0.021ms inference_wait=25.866ms other_battle=19.984ms

Sat Sep 19 10:39:56 2026
iteration=14 battles=100 decisions=4618
train wins=43 losses=56 ties=1
rollout_time=6.52s battles/s=15.33 decisions/s=708.1
ppo_time=1.37s
gpu_inference requests=4618 batches=627 mean_batch=7.37 max_batch=24 batch_wait=0.084s gather=0.122s gpu_roundtrip=2.986s dispatch=0.416s
policy=-0.0287 value=0.0123 entropy=1.4712 kl=0.00771 clip=0.112
mean_value=+0.464 mean_return=+0.474
rollout_profile lanes=100 decisions=4585 setup=293.95ms/lane battle=2430.57ms/battle
decision_profile feature=2.979ms tensorize=4.118ms action=0.575ms shared_write=0.107ms queue_put=0.019ms inference_wait=25.564ms other_battle=19.648ms

Sat Sep 19 10:40:03 2026
iteration=15 battles=100 decisions=4585
train wins=43 losses=57 ties=0
rollout_time=5.71s battles/s=17.52 decisions/s=803.3
ppo_time=1.35s
gpu_inference requests=4585 batches=618 mean_batch=7.42 max_batch=24 batch_wait=0.080s gather=0.111s gpu_roundtrip=2.922s dispatch=0.368s
policy=-0.0234 value=0.0132 entropy=1.4735 kl=0.00730 clip=0.104
mean_value=+0.435 mean_return=+0.480
took 122.27489283199975
